2025-03-29 23:30:03,644 - root                 - INFO     - [MainThread] - --------------------------------------------------
2025-03-29 23:30:03,644 - root                 - INFO     - [MainThread] - Logging configured. Console Level: INFO. File Level: DEBUG. Log file: C:\Users\97253\Desktop\BeastMode-CSIntro-Excercises\CousinTestProject\logs\app_20250329.log
2025-03-29 23:30:03,645 - root                 - INFO     - [MainThread] - --------------------------------------------------
2025-03-29 23:30:03,652 - translations         - WARNING  - [MainThread] - Could not import original Translator - creating empty version
2025-03-29 23:30:03,652 - translations         - INFO     - [MainThread] - Loading translation files from C:\Users\97253\Desktop\BeastMode-CSIntro-Excercises\CousinTestProject\translations\data
2025-03-29 23:30:03,661 - translations         - INFO     - [MainThread] - Loaded translations for 'car_parts' from C:\Users\97253\Desktop\BeastMode-CSIntro-Excercises\CousinTestProject\translations\data\car_parts.json
2025-03-29 23:30:03,670 - translations         - INFO     - [MainThread] - Loaded translations for 'errors' from C:\Users\97253\Desktop\BeastMode-CSIntro-Excercises\CousinTestProject\translations\data\errors.json
2025-03-29 23:30:03,677 - translations         - INFO     - [MainThread] - Loaded translations for 'filters' from C:\Users\97253\Desktop\BeastMode-CSIntro-Excercises\CousinTestProject\translations\data\filters.json
2025-03-29 23:30:03,684 - translations         - INFO     - [MainThread] - Loaded translations for 'help' from C:\Users\97253\Desktop\BeastMode-CSIntro-Excercises\CousinTestProject\translations\data\help.json
2025-03-29 23:30:03,697 - translations         - INFO     - [MainThread] - Loaded translations for 'login' from C:\Users\97253\Desktop\BeastMode-CSIntro-Excercises\CousinTestProject\translations\data\login.json
2025-03-29 23:30:03,707 - translations         - INFO     - [MainThread] - Loaded translations for 'navigation' from C:\Users\97253\Desktop\BeastMode-CSIntro-Excercises\CousinTestProject\translations\data\navigation.json
2025-03-29 23:30:03,716 - translations         - INFO     - [MainThread] - Loaded translations for 'notifications' from C:\Users\97253\Desktop\BeastMode-CSIntro-Excercises\CousinTestProject\translations\data\notifications.json
2025-03-29 23:30:03,725 - translations         - INFO     - [MainThread] - Loaded translations for 'products' from C:\Users\97253\Desktop\BeastMode-CSIntro-Excercises\CousinTestProject\translations\data\products.json
2025-03-29 23:30:03,738 - translations         - INFO     - [MainThread] - Loaded translations for 'settings' from C:\Users\97253\Desktop\BeastMode-CSIntro-Excercises\CousinTestProject\translations\data\settings.json
2025-03-29 23:30:03,746 - translations         - INFO     - [MainThread] - Loaded translations for 'ui' from C:\Users\97253\Desktop\BeastMode-CSIntro-Excercises\CousinTestProject\translations\data\ui.json
2025-03-29 23:30:03,755 - translations         - INFO     - [MainThread] - Loaded translations for 'validations' from C:\Users\97253\Desktop\BeastMode-CSIntro-Excercises\CousinTestProject\translations\data\validations.json
2025-03-29 23:30:03,764 - main                 - INFO     - [MainThread] - Translator initialized with language: en
2025-03-29 23:30:03,764 - main                 - INFO     - [MainThread] - Loading translation files from directory: C:\Users\97253\Desktop\BeastMode-CSIntro-Excercises\CousinTestProject\translations\data
2025-03-29 23:30:03,765 - main                 - DEBUG    - [MainThread] - Attempting to load: C:\Users\97253\Desktop\BeastMode-CSIntro-Excercises\CousinTestProject\translations\data\car_parts.json
2025-03-29 23:30:03,765 - translations         - INFO     - [MainThread] - Loaded translations for namespace 'car_parts' from C:\Users\97253\Desktop\BeastMode-CSIntro-Excercises\CousinTestProject\translations\data\car_parts.json
2025-03-29 23:30:03,765 - main                 - DEBUG    - [MainThread] - Attempting to load: C:\Users\97253\Desktop\BeastMode-CSIntro-Excercises\CousinTestProject\translations\data\errors.json
2025-03-29 23:30:03,765 - translations         - INFO     - [MainThread] - Loaded translations for namespace 'errors' from C:\Users\97253\Desktop\BeastMode-CSIntro-Excercises\CousinTestProject\translations\data\errors.json
2025-03-29 23:30:03,765 - main                 - DEBUG    - [MainThread] - Attempting to load: C:\Users\97253\Desktop\BeastMode-CSIntro-Excercises\CousinTestProject\translations\data\filters.json
2025-03-29 23:30:03,765 - translations         - INFO     - [MainThread] - Loaded translations for namespace 'filters' from C:\Users\97253\Desktop\BeastMode-CSIntro-Excercises\CousinTestProject\translations\data\filters.json
2025-03-29 23:30:03,765 - main                 - DEBUG    - [MainThread] - Attempting to load: C:\Users\97253\Desktop\BeastMode-CSIntro-Excercises\CousinTestProject\translations\data\help.json
2025-03-29 23:30:03,766 - translations         - INFO     - [MainThread] - Loaded translations for namespace 'help' from C:\Users\97253\Desktop\BeastMode-CSIntro-Excercises\CousinTestProject\translations\data\help.json
2025-03-29 23:30:03,766 - main                 - DEBUG    - [MainThread] - Attempting to load: C:\Users\97253\Desktop\BeastMode-CSIntro-Excercises\CousinTestProject\translations\data\login.json
2025-03-29 23:30:03,766 - translations         - INFO     - [MainThread] - Loaded translations for namespace 'login' from C:\Users\97253\Desktop\BeastMode-CSIntro-Excercises\CousinTestProject\translations\data\login.json
2025-03-29 23:30:03,766 - main                 - DEBUG    - [MainThread] - Attempting to load: C:\Users\97253\Desktop\BeastMode-CSIntro-Excercises\CousinTestProject\translations\data\navigation.json
2025-03-29 23:30:03,766 - translations         - INFO     - [MainThread] - Loaded translations for namespace 'navigation' from C:\Users\97253\Desktop\BeastMode-CSIntro-Excercises\CousinTestProject\translations\data\navigation.json
2025-03-29 23:30:03,766 - main                 - DEBUG    - [MainThread] - Attempting to load: C:\Users\97253\Desktop\BeastMode-CSIntro-Excercises\CousinTestProject\translations\data\notifications.json
2025-03-29 23:30:03,766 - translations         - INFO     - [MainThread] - Loaded translations for namespace 'notifications' from C:\Users\97253\Desktop\BeastMode-CSIntro-Excercises\CousinTestProject\translations\data\notifications.json
2025-03-29 23:30:03,766 - main                 - DEBUG    - [MainThread] - Attempting to load: C:\Users\97253\Desktop\BeastMode-CSIntro-Excercises\CousinTestProject\translations\data\products.json
2025-03-29 23:30:03,766 - translations         - INFO     - [MainThread] - Loaded translations for namespace 'products' from C:\Users\97253\Desktop\BeastMode-CSIntro-Excercises\CousinTestProject\translations\data\products.json
2025-03-29 23:30:03,767 - main                 - DEBUG    - [MainThread] - Attempting to load: C:\Users\97253\Desktop\BeastMode-CSIntro-Excercises\CousinTestProject\translations\data\settings.json
2025-03-29 23:30:03,767 - translations         - INFO     - [MainThread] - Loaded translations for namespace 'settings' from C:\Users\97253\Desktop\BeastMode-CSIntro-Excercises\CousinTestProject\translations\data\settings.json
2025-03-29 23:30:03,767 - main                 - DEBUG    - [MainThread] - Attempting to load: C:\Users\97253\Desktop\BeastMode-CSIntro-Excercises\CousinTestProject\translations\data\ui.json
2025-03-29 23:30:03,767 - translations         - INFO     - [MainThread] - Loaded translations for namespace 'ui' from C:\Users\97253\Desktop\BeastMode-CSIntro-Excercises\CousinTestProject\translations\data\ui.json
2025-03-29 23:30:03,767 - main                 - DEBUG    - [MainThread] - Attempting to load: C:\Users\97253\Desktop\BeastMode-CSIntro-Excercises\CousinTestProject\translations\data\validations.json
2025-03-29 23:30:03,767 - translations         - INFO     - [MainThread] - Loaded translations for namespace 'validations' from C:\Users\97253\Desktop\BeastMode-CSIntro-Excercises\CousinTestProject\translations\data\validations.json
2025-03-29 23:30:03,768 - main                 - INFO     - [MainThread] - Finished loading 11 translation files from C:\Users\97253\Desktop\BeastMode-CSIntro-Excercises\CousinTestProject\translations\data.
2025-03-29 23:30:06,032 - main                 - INFO     - [MainThread] - Application started at: 2025-03-29 23:30:06
2025-03-29 23:30:06,032 - main                 - INFO     - [MainThread] - Platform: win32, Python: 3.8.10
2025-03-29 23:30:06,032 - main                 - INFO     - [MainThread] - Script Directory: C:\Users\97253\Desktop\BeastMode-CSIntro-Excercises\CousinTestProject
2025-03-29 23:30:06,094 - main                 - INFO     - [MainThread] - Initializing core components...
2025-03-29 23:30:06,094 - main                 - INFO     - [MainThread] - Initializing Car Parts database connection (MySQL)...
2025-03-29 23:30:06,461 - database.car_parts_db - INFO     - [MainThread] - Thread 14196: Database connection established
2025-03-29 23:30:06,461 - database.car_parts_db - INFO     - [MainThread] - Initialized database connection to localhost
2025-03-29 23:30:06,496 - main                 - INFO     - [MainThread] - Connected to Car Parts DB (Host: localhost, DB: car_parts_system).
2025-03-29 23:30:06,496 - main                 - INFO     - [MainThread] - Initializing User database (SQLite) at C:\Users\97253\Desktop\BeastMode-CSIntro-Excercises\CousinTestProject\database\users.db...
2025-03-29 23:30:06,505 - UsersDB              - INFO     - [MainThread] - Connected to user database at C:\Users\97253\Desktop\BeastMode-CSIntro-Excercises\CousinTestProject\database\users.db
2025-03-29 23:30:06,512 - UsersDB              - INFO     - [MainThread] - Database tables created successfully
2025-03-29 23:30:06,512 - main                 - INFO     - [MainThread] - Connected to User DB.
2025-03-29 23:30:06,512 - main                 - INFO     - [MainThread] - Checking resources in: C:\Users\97253\Desktop\BeastMode-CSIntro-Excercises\CousinTestProject\resources
2025-03-29 23:30:06,513 - main                 - WARNING  - [MainThread] - Missing optional icon file: add_icon.png in C:\Users\97253\Desktop\BeastMode-CSIntro-Excercises\CousinTestProject\resources
2025-03-29 23:30:06,513 - main                 - WARNING  - [MainThread] - Missing optional icon file: select_icon.png in C:\Users\97253\Desktop\BeastMode-CSIntro-Excercises\CousinTestProject\resources
2025-03-29 23:30:06,513 - main                 - WARNING  - [MainThread] - Missing optional icon file: delete_icon.png in C:\Users\97253\Desktop\BeastMode-CSIntro-Excercises\CousinTestProject\resources
2025-03-29 23:30:06,513 - main                 - WARNING  - [MainThread] - Missing optional icon file: filter_icon.png in C:\Users\97253\Desktop\BeastMode-CSIntro-Excercises\CousinTestProject\resources
2025-03-29 23:30:06,513 - main                 - WARNING  - [MainThread] - Missing optional icon file: export_icon.png in C:\Users\97253\Desktop\BeastMode-CSIntro-Excercises\CousinTestProject\resources
2025-03-29 23:30:06,513 - main                 - WARNING  - [MainThread] - Missing optional icon file: refresh_icon.png in C:\Users\97253\Desktop\BeastMode-CSIntro-Excercises\CousinTestProject\resources
2025-03-29 23:30:06,513 - main                 - WARNING  - [MainThread] - Missing optional icon file: info_icon.png in C:\Users\97253\Desktop\BeastMode-CSIntro-Excercises\CousinTestProject\resources
2025-03-29 23:30:06,513 - main                 - WARNING  - [MainThread] - Missing optional icon file: success_icon.png in C:\Users\97253\Desktop\BeastMode-CSIntro-Excercises\CousinTestProject\resources
2025-03-29 23:30:06,513 - main                 - WARNING  - [MainThread] - Missing optional icon file: error_icon.png in C:\Users\97253\Desktop\BeastMode-CSIntro-Excercises\CousinTestProject\resources
2025-03-29 23:30:06,513 - main                 - WARNING  - [MainThread] - Missing optional icon file: warning_icon.png in C:\Users\97253\Desktop\BeastMode-CSIntro-Excercises\CousinTestProject\resources
2025-03-29 23:30:06,513 - main                 - WARNING  - [MainThread] - Missing optional icon file: close_icon.png in C:\Users\97253\Desktop\BeastMode-CSIntro-Excercises\CousinTestProject\resources
2025-03-29 23:30:06,514 - main                 - INFO     - [MainThread] - Resource checks complete.
2025-03-29 23:30:06,514 - main                 - INFO     - [MainThread] - Initializing Splash Screen...
2025-03-29 23:30:06,514 - main                 - WARNING  - [MainThread] - SplashScreen init failed with path arg, trying without args.
2025-03-29 23:30:06,574 - main                 - WARNING  - [MainThread] - SplashScreen has no set_image method. Image may not show.
2025-03-29 23:30:06,717 - main                 - INFO     - [MainThread] - Initializing main GUI...
2025-03-29 23:30:06,718 - main                 - CRITICAL - [MainThread] - Unhandled exception during startup: __init__() got an unexpected keyword argument 'translator'
Traceback (most recent call last):
  File "C:\Users\97253\Desktop\BeastMode-CSIntro-Excercises\CousinTestProject\main.py", line 213, in <module>
    main_gui = GUI(
TypeError: __init__() got an unexpected keyword argument 'translator'
2025-03-29 23:30:06,720 - translations         - WARNING  - [MainThread] - Missing translation for 'fatal_error_title' in 'en'
2025-03-29 23:30:06,720 - translations         - WARNING  - [MainThread] - Missing translation for 'fatal_error_details' in 'en'
2025-03-29 23:41:06,706 - root                 - INFO     - [MainThread] - --------------------------------------------------
2025-03-29 23:41:06,706 - root                 - INFO     - [MainThread] - Logging configured. Console Level: INFO. File Level: DEBUG. Log file: C:\Users\97253\Desktop\BeastMode-CSIntro-Excercises\CousinTestProject\logs\app_20250329.log
2025-03-29 23:41:06,706 - root                 - INFO     - [MainThread] - --------------------------------------------------
2025-03-29 23:41:06,711 - translations         - WARNING  - [MainThread] - Could not import original Translator - creating empty version
2025-03-29 23:41:06,711 - translations         - INFO     - [MainThread] - Loading translation files from C:\Users\97253\Desktop\BeastMode-CSIntro-Excercises\CousinTestProject\translations\data
2025-03-29 23:41:06,711 - translations         - INFO     - [MainThread] - Loaded translations for 'car_parts' from C:\Users\97253\Desktop\BeastMode-CSIntro-Excercises\CousinTestProject\translations\data\car_parts.json
2025-03-29 23:41:06,712 - translations         - INFO     - [MainThread] - Loaded translations for 'errors' from C:\Users\97253\Desktop\BeastMode-CSIntro-Excercises\CousinTestProject\translations\data\errors.json
2025-03-29 23:41:06,712 - translations         - INFO     - [MainThread] - Loaded translations for 'filters' from C:\Users\97253\Desktop\BeastMode-CSIntro-Excercises\CousinTestProject\translations\data\filters.json
2025-03-29 23:41:06,713 - translations         - INFO     - [MainThread] - Loaded translations for 'help' from C:\Users\97253\Desktop\BeastMode-CSIntro-Excercises\CousinTestProject\translations\data\help.json
2025-03-29 23:41:06,713 - translations         - INFO     - [MainThread] - Loaded translations for 'login' from C:\Users\97253\Desktop\BeastMode-CSIntro-Excercises\CousinTestProject\translations\data\login.json
2025-03-29 23:41:06,713 - translations         - INFO     - [MainThread] - Loaded translations for 'navigation' from C:\Users\97253\Desktop\BeastMode-CSIntro-Excercises\CousinTestProject\translations\data\navigation.json
2025-03-29 23:41:06,713 - translations         - INFO     - [MainThread] - Loaded translations for 'notifications' from C:\Users\97253\Desktop\BeastMode-CSIntro-Excercises\CousinTestProject\translations\data\notifications.json
2025-03-29 23:41:06,715 - translations         - INFO     - [MainThread] - Loaded translations for 'products' from C:\Users\97253\Desktop\BeastMode-CSIntro-Excercises\CousinTestProject\translations\data\products.json
2025-03-29 23:41:06,716 - translations         - INFO     - [MainThread] - Loaded translations for 'settings' from C:\Users\97253\Desktop\BeastMode-CSIntro-Excercises\CousinTestProject\translations\data\settings.json
2025-03-29 23:41:06,716 - translations         - INFO     - [MainThread] - Loaded translations for 'ui' from C:\Users\97253\Desktop\BeastMode-CSIntro-Excercises\CousinTestProject\translations\data\ui.json
2025-03-29 23:41:06,716 - translations         - INFO     - [MainThread] - Loaded translations for 'validations' from C:\Users\97253\Desktop\BeastMode-CSIntro-Excercises\CousinTestProject\translations\data\validations.json
2025-03-29 23:41:06,734 - main                 - INFO     - [MainThread] - Translator initialized with language: en
2025-03-29 23:41:06,734 - main                 - INFO     - [MainThread] - Loading translation files from directory: C:\Users\97253\Desktop\BeastMode-CSIntro-Excercises\CousinTestProject\translations\data
2025-03-29 23:41:06,734 - main                 - DEBUG    - [MainThread] - Attempting to load: C:\Users\97253\Desktop\BeastMode-CSIntro-Excercises\CousinTestProject\translations\data\car_parts.json
2025-03-29 23:41:06,734 - translations         - INFO     - [MainThread] - Loaded translations for namespace 'car_parts' from C:\Users\97253\Desktop\BeastMode-CSIntro-Excercises\CousinTestProject\translations\data\car_parts.json
2025-03-29 23:41:06,735 - main                 - DEBUG    - [MainThread] - Attempting to load: C:\Users\97253\Desktop\BeastMode-CSIntro-Excercises\CousinTestProject\translations\data\errors.json
2025-03-29 23:41:06,735 - translations         - INFO     - [MainThread] - Loaded translations for namespace 'errors' from C:\Users\97253\Desktop\BeastMode-CSIntro-Excercises\CousinTestProject\translations\data\errors.json
2025-03-29 23:41:06,735 - main                 - DEBUG    - [MainThread] - Attempting to load: C:\Users\97253\Desktop\BeastMode-CSIntro-Excercises\CousinTestProject\translations\data\filters.json
2025-03-29 23:41:06,735 - translations         - INFO     - [MainThread] - Loaded translations for namespace 'filters' from C:\Users\97253\Desktop\BeastMode-CSIntro-Excercises\CousinTestProject\translations\data\filters.json
2025-03-29 23:41:06,735 - main                 - DEBUG    - [MainThread] - Attempting to load: C:\Users\97253\Desktop\BeastMode-CSIntro-Excercises\CousinTestProject\translations\data\help.json
2025-03-29 23:41:06,735 - translations         - INFO     - [MainThread] - Loaded translations for namespace 'help' from C:\Users\97253\Desktop\BeastMode-CSIntro-Excercises\CousinTestProject\translations\data\help.json
2025-03-29 23:41:06,735 - main                 - DEBUG    - [MainThread] - Attempting to load: C:\Users\97253\Desktop\BeastMode-CSIntro-Excercises\CousinTestProject\translations\data\login.json
2025-03-29 23:41:06,735 - translations         - INFO     - [MainThread] - Loaded translations for namespace 'login' from C:\Users\97253\Desktop\BeastMode-CSIntro-Excercises\CousinTestProject\translations\data\login.json
2025-03-29 23:41:06,735 - main                 - DEBUG    - [MainThread] - Attempting to load: C:\Users\97253\Desktop\BeastMode-CSIntro-Excercises\CousinTestProject\translations\data\navigation.json
2025-03-29 23:41:06,736 - translations         - INFO     - [MainThread] - Loaded translations for namespace 'navigation' from C:\Users\97253\Desktop\BeastMode-CSIntro-Excercises\CousinTestProject\translations\data\navigation.json
2025-03-29 23:41:06,736 - main                 - DEBUG    - [MainThread] - Attempting to load: C:\Users\97253\Desktop\BeastMode-CSIntro-Excercises\CousinTestProject\translations\data\notifications.json
2025-03-29 23:41:06,736 - translations         - INFO     - [MainThread] - Loaded translations for namespace 'notifications' from C:\Users\97253\Desktop\BeastMode-CSIntro-Excercises\CousinTestProject\translations\data\notifications.json
2025-03-29 23:41:06,736 - main                 - DEBUG    - [MainThread] - Attempting to load: C:\Users\97253\Desktop\BeastMode-CSIntro-Excercises\CousinTestProject\translations\data\products.json
2025-03-29 23:41:06,736 - translations         - INFO     - [MainThread] - Loaded translations for namespace 'products' from C:\Users\97253\Desktop\BeastMode-CSIntro-Excercises\CousinTestProject\translations\data\products.json
2025-03-29 23:41:06,736 - main                 - DEBUG    - [MainThread] - Attempting to load: C:\Users\97253\Desktop\BeastMode-CSIntro-Excercises\CousinTestProject\translations\data\settings.json
2025-03-29 23:41:06,736 - translations         - INFO     - [MainThread] - Loaded translations for namespace 'settings' from C:\Users\97253\Desktop\BeastMode-CSIntro-Excercises\CousinTestProject\translations\data\settings.json
2025-03-29 23:41:06,736 - main                 - DEBUG    - [MainThread] - Attempting to load: C:\Users\97253\Desktop\BeastMode-CSIntro-Excercises\CousinTestProject\translations\data\ui.json
2025-03-29 23:41:06,737 - translations         - INFO     - [MainThread] - Loaded translations for namespace 'ui' from C:\Users\97253\Desktop\BeastMode-CSIntro-Excercises\CousinTestProject\translations\data\ui.json
2025-03-29 23:41:06,737 - main                 - DEBUG    - [MainThread] - Attempting to load: C:\Users\97253\Desktop\BeastMode-CSIntro-Excercises\CousinTestProject\translations\data\validations.json
2025-03-29 23:41:06,737 - translations         - INFO     - [MainThread] - Loaded translations for namespace 'validations' from C:\Users\97253\Desktop\BeastMode-CSIntro-Excercises\CousinTestProject\translations\data\validations.json
2025-03-29 23:41:06,741 - main                 - INFO     - [MainThread] - Finished loading 11 translation files from C:\Users\97253\Desktop\BeastMode-CSIntro-Excercises\CousinTestProject\translations\data.
2025-03-29 23:41:07,862 - main                 - INFO     - [MainThread] - Application started at: 2025-03-29 23:41:07
2025-03-29 23:41:07,862 - main                 - INFO     - [MainThread] - Platform: win32, Python: 3.8.10
2025-03-29 23:41:07,862 - main                 - INFO     - [MainThread] - Script Directory: C:\Users\97253\Desktop\BeastMode-CSIntro-Excercises\CousinTestProject
2025-03-29 23:41:07,878 - main                 - INFO     - [MainThread] - Initializing core components...
2025-03-29 23:41:07,878 - main                 - INFO     - [MainThread] - Initializing Car Parts database connection (MySQL)...
2025-03-29 23:41:07,980 - database.car_parts_db - INFO     - [MainThread] - Thread 14680: Database connection established
2025-03-29 23:41:07,980 - database.car_parts_db - INFO     - [MainThread] - Initialized database connection to localhost
2025-03-29 23:41:08,006 - main                 - INFO     - [MainThread] - Connected to Car Parts DB (Host: localhost, DB: car_parts_system).
2025-03-29 23:41:08,006 - main                 - INFO     - [MainThread] - Initializing User database (SQLite) at C:\Users\97253\Desktop\BeastMode-CSIntro-Excercises\CousinTestProject\database\users.db...
2025-03-29 23:41:08,006 - UsersDB              - INFO     - [MainThread] - Connected to user database at C:\Users\97253\Desktop\BeastMode-CSIntro-Excercises\CousinTestProject\database\users.db
2025-03-29 23:41:08,007 - UsersDB              - INFO     - [MainThread] - Database tables created successfully
2025-03-29 23:41:08,007 - main                 - INFO     - [MainThread] - Connected to User DB.
2025-03-29 23:41:08,007 - main                 - INFO     - [MainThread] - Checking resources in: C:\Users\97253\Desktop\BeastMode-CSIntro-Excercises\CousinTestProject\resources
2025-03-29 23:41:08,007 - main                 - WARNING  - [MainThread] - Missing optional icon file: add_icon.png in C:\Users\97253\Desktop\BeastMode-CSIntro-Excercises\CousinTestProject\resources
2025-03-29 23:41:08,007 - main                 - WARNING  - [MainThread] - Missing optional icon file: select_icon.png in C:\Users\97253\Desktop\BeastMode-CSIntro-Excercises\CousinTestProject\resources
2025-03-29 23:41:08,008 - main                 - WARNING  - [MainThread] - Missing optional icon file: delete_icon.png in C:\Users\97253\Desktop\BeastMode-CSIntro-Excercises\CousinTestProject\resources
2025-03-29 23:41:08,008 - main                 - WARNING  - [MainThread] - Missing optional icon file: filter_icon.png in C:\Users\97253\Desktop\BeastMode-CSIntro-Excercises\CousinTestProject\resources
2025-03-29 23:41:08,008 - main                 - WARNING  - [MainThread] - Missing optional icon file: export_icon.png in C:\Users\97253\Desktop\BeastMode-CSIntro-Excercises\CousinTestProject\resources
2025-03-29 23:41:08,008 - main                 - WARNING  - [MainThread] - Missing optional icon file: refresh_icon.png in C:\Users\97253\Desktop\BeastMode-CSIntro-Excercises\CousinTestProject\resources
2025-03-29 23:41:08,008 - main                 - WARNING  - [MainThread] - Missing optional icon file: info_icon.png in C:\Users\97253\Desktop\BeastMode-CSIntro-Excercises\CousinTestProject\resources
2025-03-29 23:41:08,008 - main                 - WARNING  - [MainThread] - Missing optional icon file: success_icon.png in C:\Users\97253\Desktop\BeastMode-CSIntro-Excercises\CousinTestProject\resources
2025-03-29 23:41:08,008 - main                 - WARNING  - [MainThread] - Missing optional icon file: error_icon.png in C:\Users\97253\Desktop\BeastMode-CSIntro-Excercises\CousinTestProject\resources
2025-03-29 23:41:08,008 - main                 - WARNING  - [MainThread] - Missing optional icon file: warning_icon.png in C:\Users\97253\Desktop\BeastMode-CSIntro-Excercises\CousinTestProject\resources
2025-03-29 23:41:08,008 - main                 - WARNING  - [MainThread] - Missing optional icon file: close_icon.png in C:\Users\97253\Desktop\BeastMode-CSIntro-Excercises\CousinTestProject\resources
2025-03-29 23:41:08,008 - main                 - INFO     - [MainThread] - Resource checks complete.
2025-03-29 23:41:08,008 - main                 - INFO     - [MainThread] - Initializing Splash Screen...
2025-03-29 23:41:08,008 - main                 - WARNING  - [MainThread] - SplashScreen init failed with path arg, trying without args.
2025-03-29 23:41:08,026 - main                 - WARNING  - [MainThread] - SplashScreen has no set_image method. Image may not show.
2025-03-29 23:41:08,067 - main                 - INFO     - [MainThread] - Initializing main GUI...
2025-03-29 23:41:08,079 - main                 - CRITICAL - [MainThread] - Unhandled exception during startup: 'GUI' object has no attribute 'parts_db'
Traceback (most recent call last):
  File "C:\Users\97253\Desktop\BeastMode-CSIntro-Excercises\CousinTestProject\main.py", line 213, in <module>
    main_gui = GUI(
  File "C:\Users\97253\Desktop\BeastMode-CSIntro-Excercises\CousinTestProject\gui.py", line 57, in __init__
    self.preload_views() # Ensure this uses the stored self.translator, self.db etc.
  File "C:\Users\97253\Desktop\BeastMode-CSIntro-Excercises\CousinTestProject\gui.py", line 75, in preload_views
    self.products_widget = ProductsWidget(self.translator, self.parts_db)
AttributeError: 'GUI' object has no attribute 'parts_db'
2025-03-29 23:41:08,080 - translations         - WARNING  - [MainThread] - Missing translation for 'fatal_error_title' in 'he'
2025-03-29 23:41:08,080 - translations         - WARNING  - [MainThread] - Missing translation for 'fatal_error_details' in 'he'
